python3 classifier.py --fine-tune-mode full-model --batch_size 8 --epochs 5 --lr 1e-5 --hidden_dropout_prob 0.3 --use_gpu
Training Sentiment Classifier on SST...
load 8544 data from data/ids-sst-train.csv
load 1101 data from data/ids-sst-dev.csv
train-0: 100%|██████████████████████████████████████████████████████████████████████████████████████████████████████████████████████████████████████| 1068/1068 [03:42<00:00,  4.79it/s]
eval: 100%|█████████████████████████████████████████████████████████████████████████████████████████████████████████████████████████████████████████| 1068/1068 [02:30<00:00,  7.09it/s]
eval: 100%|███████████████████████████████████████████████████████████████████████████████████████████████████████████████████████████████████████████| 138/138 [00:40<00:00,  3.41it/s]
save the model to sst-classifier.pt
Epoch 0: train loss :: 1.428, train acc :: 0.513, dev acc :: 0.484
train-1: 100%|██████████████████████████████████████████████████████████████████████████████████████████████████████████████████████████████████████| 1068/1068 [01:38<00:00, 10.80it/s]
eval: 100%|█████████████████████████████████████████████████████████████████████████████████████████████████████████████████████████████████████████| 1068/1068 [00:15<00:00, 68.90it/s]
eval: 100%|███████████████████████████████████████████████████████████████████████████████████████████████████████████████████████████████████████████| 138/138 [00:02<00:00, 67.65it/s]
save the model to sst-classifier.pt
Epoch 1: train loss :: 1.132, train acc :: 0.586, dev acc :: 0.503
train-2: 100%|██████████████████████████████████████████████████████████████████████████████████████████████████████████████████████████████████████| 1068/1068 [01:43<00:00, 10.36it/s]
eval: 100%|█████████████████████████████████████████████████████████████████████████████████████████████████████████████████████████████████████████| 1068/1068 [00:16<00:00, 65.13it/s]
eval: 100%|███████████████████████████████████████████████████████████████████████████████████████████████████████████████████████████████████████████| 138/138 [00:02<00:00, 64.83it/s]
save the model to sst-classifier.pt
Epoch 2: train loss :: 1.012, train acc :: 0.636, dev acc :: 0.516
train-3: 100%|██████████████████████████████████████████████████████████████████████████████████████████████████████████████████████████████████████| 1068/1068 [01:43<00:00, 10.35it/s]
eval: 100%|█████████████████████████████████████████████████████████████████████████████████████████████████████████████████████████████████████████| 1068/1068 [00:15<00:00, 67.34it/s]
eval: 100%|███████████████████████████████████████████████████████████████████████████████████████████████████████████████████████████████████████████| 138/138 [00:02<00:00, 66.17it/s]
Epoch 3: train loss :: 0.924, train acc :: 0.661, dev acc :: 0.500
train-4: 100%|██████████████████████████████████████████████████████████████████████████████████████████████████████████████████████████████████████| 1068/1068 [01:44<00:00, 10.22it/s]
eval: 100%|█████████████████████████████████████████████████████████████████████████████████████████████████████████████████████████████████████████| 1068/1068 [00:16<00:00, 63.36it/s]
eval: 100%|███████████████████████████████████████████████████████████████████████████████████████████████████████████████████████████████████████████| 138/138 [00:02<00:00, 63.66it/s]
save the model to sst-classifier.pt
Epoch 4: train loss :: 0.874, train acc :: 0.684, dev acc :: 0.518
Evaluating on SST...
classifier.py:318: FutureWarning: You are using `torch.load` with `weights_only=False` (the current default value), which uses the default pickle module implicitly. It is possible to construct malicious pickle data which will execute arbitrary code during unpickling (See https://github.com/pytorch/pytorch/blob/main/SECURITY.md#untrusted-models for more details). In a future release, the default value for `weights_only` will be flipped to `True`. This limits the functions that could be executed during unpickling. Arbitrary objects will no longer be allowed to be loaded via this mode unless they are explicitly allowlisted by the user via `torch.serialization.add_safe_globals`. We recommend you start setting `weights_only=True` for any use case where you don't have full control of the loaded file. Please open an issue on GitHub for any issues related to this experimental feature.
  saved = torch.load(args.filepath)
load model from sst-classifier.pt
load 1101 data from data/ids-sst-dev.csv
eval: 100%|███████████████████████████████████████████████████████████████████████████████████████████████████████████████████████████████████████████| 138/138 [01:14<00:00,  1.85it/s]
DONE DEV
eval: 100%|███████████████████████████████████████████████████████████████████████████████████████████████████████████████████████████████████████████| 277/277 [00:04<00:00, 68.13it/s]
DONE Test
dev acc :: 0.518
Training Sentiment Classifier on cfimdb...
load 1707 data from data/ids-cfimdb-train.csv
load 245 data from data/ids-cfimdb-dev.csv
train-0: 100%|████████████████████████████████████████████████████████████████████████████████████████████████████████████████████████████████████████| 214/214 [02:39<00:00,  1.34it/s]
eval: 100%|███████████████████████████████████████████████████████████████████████████████████████████████████████████████████████████████████████████| 214/214 [02:44<00:00,  1.30it/s]
eval: 100%|█████████████████████████████████████████████████████████████████████████████████████████████████████████████████████████████████████████████| 31/31 [00:03<00:00,  8.77it/s]
save the model to cfimdb-classifier.pt
Epoch 0: train loss :: 0.566, train acc :: 0.963, dev acc :: 0.963
train-1: 100%|████████████████████████████████████████████████████████████████████████████████████████████████████████████████████████████████████████| 214/214 [01:20<00:00,  2.65it/s]
eval: 100%|███████████████████████████████████████████████████████████████████████████████████████████████████████████████████████████████████████████| 214/214 [00:24<00:00,  8.85it/s]
eval: 100%|█████████████████████████████████████████████████████████████████████████████████████████████████████████████████████████████████████████████| 31/31 [00:03<00:00,  8.89it/s]
save the model to cfimdb-classifier.pt
Epoch 1: train loss :: 0.122, train acc :: 0.989, dev acc :: 0.976
train-2: 100%|████████████████████████████████████████████████████████████████████████████████████████████████████████████████████████████████████████| 214/214 [01:21<00:00,  2.64it/s]
eval: 100%|███████████████████████████████████████████████████████████████████████████████████████████████████████████████████████████████████████████| 214/214 [00:23<00:00,  8.92it/s]
eval: 100%|█████████████████████████████████████████████████████████████████████████████████████████████████████████████████████████████████████████████| 31/31 [00:03<00:00,  8.95it/s]
save the model to cfimdb-classifier.pt
Epoch 2: train loss :: 0.068, train acc :: 0.989, dev acc :: 0.980
train-3: 100%|████████████████████████████████████████████████████████████████████████████████████████████████████████████████████████████████████████| 214/214 [01:21<00:00,  2.63it/s]
eval: 100%|███████████████████████████████████████████████████████████████████████████████████████████████████████████████████████████████████████████| 214/214 [00:24<00:00,  8.91it/s]
eval: 100%|█████████████████████████████████████████████████████████████████████████████████████████████████████████████████████████████████████████████| 31/31 [00:03<00:00,  8.86it/s]
Epoch 3: train loss :: 0.041, train acc :: 0.995, dev acc :: 0.976
train-4: 100%|████████████████████████████████████████████████████████████████████████████████████████████████████████████████████████████████████████| 214/214 [01:20<00:00,  2.65it/s]
eval: 100%|███████████████████████████████████████████████████████████████████████████████████████████████████████████████████████████████████████████| 214/214 [00:23<00:00,  9.03it/s]
eval: 100%|█████████████████████████████████████████████████████████████████████████████████████████████████████████████████████████████████████████████| 31/31 [00:03<00:00,  9.02it/s]
Epoch 4: train loss :: 0.028, train acc :: 0.996, dev acc :: 0.980
Evaluating on cfimdb...
classifier.py:318: FutureWarning: You are using `torch.load` with `weights_only=False` (the current default value), which uses the default pickle module implicitly. It is possible to construct malicious pickle data which will execute arbitrary code during unpickling (See https://github.com/pytorch/pytorch/blob/main/SECURITY.md#untrusted-models for more details). In a future release, the default value for `weights_only` will be flipped to `True`. This limits the functions that could be executed during unpickling. Arbitrary objects will no longer be allowed to be loaded via this mode unless they are explicitly allowlisted by the user via `torch.serialization.add_safe_globals`. We recommend you start setting `weights_only=True` for any use case where you don't have full control of the loaded file. Please open an issue on GitHub for any issues related to this experimental feature.
  saved = torch.load(args.filepath)
load model from cfimdb-classifier.pt
load 245 data from data/ids-cfimdb-dev.csv
eval: 100%|█████████████████████████████████████████████████████████████████████████████████████████████████████████████████████████████████████████████| 31/31 [00:56<00:00,  1.83s/it]
DONE DEV
eval: 100%|█████████████████████████████████████████████████████████████████████████████████████████████████████████████████████████████████████████████| 61/61 [00:06<00:00,  8.99it/s]
DONE Test
dev acc :: 0.980
