python3 classifier.py --fine-tune-mode last-linear-layer --use_gpu
Training Sentiment Classifier on SST...
load 8544 data from data/ids-sst-train.csv
load 1101 data from data/ids-sst-dev.csv
train-0: 100%|██████████████████████████████████████████████████████████████████████████████████████████████████████████████████████████████████████| 1068/1068 [01:29<00:00, 11.90it/s]
eval: 100%|█████████████████████████████████████████████████████████████████████████████████████████████████████████████████████████████████████████| 1068/1068 [01:04<00:00, 16.62it/s]
eval: 100%|███████████████████████████████████████████████████████████████████████████████████████████████████████████████████████████████████████████| 138/138 [00:20<00:00,  6.76it/s]
save the model to sst-classifier.pt
Epoch 0: train loss :: 1.522, train acc :: 0.429, dev acc :: 0.412
train-1: 100%|██████████████████████████████████████████████████████████████████████████████████████████████████████████████████████████████████████| 1068/1068 [00:14<00:00, 76.22it/s]
eval: 100%|█████████████████████████████████████████████████████████████████████████████████████████████████████████████████████████████████████████| 1068/1068 [00:13<00:00, 77.31it/s]
eval: 100%|███████████████████████████████████████████████████████████████████████████████████████████████████████████████████████████████████████████| 138/138 [00:01<00:00, 78.12it/s]
save the model to sst-classifier.pt
Epoch 1: train loss :: 1.385, train acc :: 0.445, dev acc :: 0.427
train-2: 100%|██████████████████████████████████████████████████████████████████████████████████████████████████████████████████████████████████████| 1068/1068 [00:14<00:00, 74.65it/s]
eval: 100%|█████████████████████████████████████████████████████████████████████████████████████████████████████████████████████████████████████████| 1068/1068 [00:13<00:00, 76.96it/s]
eval: 100%|███████████████████████████████████████████████████████████████████████████████████████████████████████████████████████████████████████████| 138/138 [00:01<00:00, 77.93it/s]
save the model to sst-classifier.pt
Epoch 2: train loss :: 1.334, train acc :: 0.467, dev acc :: 0.431
train-3: 100%|██████████████████████████████████████████████████████████████████████████████████████████████████████████████████████████████████████| 1068/1068 [00:14<00:00, 74.32it/s]
eval: 100%|█████████████████████████████████████████████████████████████████████████████████████████████████████████████████████████████████████████| 1068/1068 [00:14<00:00, 75.71it/s]
eval: 100%|███████████████████████████████████████████████████████████████████████████████████████████████████████████████████████████████████████████| 138/138 [00:01<00:00, 77.27it/s]
save the model to sst-classifier.pt
Epoch 3: train loss :: 1.325, train acc :: 0.479, dev acc :: 0.436
train-4: 100%|██████████████████████████████████████████████████████████████████████████████████████████████████████████████████████████████████████| 1068/1068 [00:14<00:00, 73.61it/s]
eval: 100%|█████████████████████████████████████████████████████████████████████████████████████████████████████████████████████████████████████████| 1068/1068 [00:14<00:00, 76.01it/s]
eval: 100%|███████████████████████████████████████████████████████████████████████████████████████████████████████████████████████████████████████████| 138/138 [00:01<00:00, 77.13it/s]
Epoch 4: train loss :: 1.302, train acc :: 0.471, dev acc :: 0.428
train-5: 100%|██████████████████████████████████████████████████████████████████████████████████████████████████████████████████████████████████████| 1068/1068 [00:14<00:00, 73.56it/s]
eval: 100%|█████████████████████████████████████████████████████████████████████████████████████████████████████████████████████████████████████████| 1068/1068 [00:14<00:00, 76.01it/s]
eval: 100%|███████████████████████████████████████████████████████████████████████████████████████████████████████████████████████████████████████████| 138/138 [00:01<00:00, 77.53it/s]
save the model to sst-classifier.pt
Epoch 5: train loss :: 1.283, train acc :: 0.506, dev acc :: 0.471
train-6: 100%|██████████████████████████████████████████████████████████████████████████████████████████████████████████████████████████████████████| 1068/1068 [00:14<00:00, 73.60it/s]
eval: 100%|█████████████████████████████████████████████████████████████████████████████████████████████████████████████████████████████████████████| 1068/1068 [00:14<00:00, 74.79it/s]
eval: 100%|███████████████████████████████████████████████████████████████████████████████████████████████████████████████████████████████████████████| 138/138 [00:01<00:00, 75.19it/s]
Epoch 6: train loss :: 1.259, train acc :: 0.444, dev acc :: 0.436
train-7: 100%|██████████████████████████████████████████████████████████████████████████████████████████████████████████████████████████████████████| 1068/1068 [00:14<00:00, 72.30it/s]
eval: 100%|█████████████████████████████████████████████████████████████████████████████████████████████████████████████████████████████████████████| 1068/1068 [00:14<00:00, 74.10it/s]
eval: 100%|███████████████████████████████████████████████████████████████████████████████████████████████████████████████████████████████████████████| 138/138 [00:01<00:00, 75.80it/s]
Epoch 7: train loss :: 1.239, train acc :: 0.512, dev acc :: 0.468
train-8: 100%|██████████████████████████████████████████████████████████████████████████████████████████████████████████████████████████████████████| 1068/1068 [00:14<00:00, 72.37it/s]
eval: 100%|█████████████████████████████████████████████████████████████████████████████████████████████████████████████████████████████████████████| 1068/1068 [00:14<00:00, 73.85it/s]
eval: 100%|███████████████████████████████████████████████████████████████████████████████████████████████████████████████████████████████████████████| 138/138 [00:01<00:00, 75.65it/s]
Epoch 8: train loss :: 1.232, train acc :: 0.510, dev acc :: 0.460
train-9: 100%|██████████████████████████████████████████████████████████████████████████████████████████████████████████████████████████████████████| 1068/1068 [00:14<00:00, 71.99it/s]
eval: 100%|█████████████████████████████████████████████████████████████████████████████████████████████████████████████████████████████████████████| 1068/1068 [00:14<00:00, 73.81it/s]
eval: 100%|███████████████████████████████████████████████████████████████████████████████████████████████████████████████████████████████████████████| 138/138 [00:01<00:00, 75.05it/s]
save the model to sst-classifier.pt
Epoch 9: train loss :: 1.217, train acc :: 0.514, dev acc :: 0.475
Evaluating on SST...
classifier.py:318: FutureWarning: You are using `torch.load` with `weights_only=False` (the current default value), which uses the default pickle module implicitly. It is possible to construct malicious pickle data which will execute arbitrary code during unpickling (See https://github.com/pytorch/pytorch/blob/main/SECURITY.md#untrusted-models for more details). In a future release, the default value for `weights_only` will be flipped to `True`. This limits the functions that could be executed during unpickling. Arbitrary objects will no longer be allowed to be loaded via this mode unless they are explicitly allowlisted by the user via `torch.serialization.add_safe_globals`. We recommend you start setting `weights_only=True` for any use case where you don't have full control of the loaded file. Please open an issue on GitHub for any issues related to this experimental feature.
  saved = torch.load(args.filepath)
load model from sst-classifier.pt
load 1101 data from data/ids-sst-dev.csv
eval: 100%|███████████████████████████████████████████████████████████████████████████████████████████████████████████████████████████████████████████| 138/138 [01:08<00:00,  2.02it/s]
DONE DEV
eval: 100%|███████████████████████████████████████████████████████████████████████████████████████████████████████████████████████████████████████████| 277/277 [00:03<00:00, 72.86it/s]
DONE Test
dev acc :: 0.475
Training Sentiment Classifier on cfimdb...
load 1707 data from data/ids-cfimdb-train.csv
load 245 data from data/ids-cfimdb-dev.csv
train-0: 100%|████████████████████████████████████████████████████████████████████████████████████████████████████████████████████████████████████████| 214/214 [01:01<00:00,  3.45it/s]
eval: 100%|███████████████████████████████████████████████████████████████████████████████████████████████████████████████████████████████████████████| 214/214 [01:31<00:00,  2.35it/s]
eval: 100%|█████████████████████████████████████████████████████████████████████████████████████████████████████████████████████████████████████████████| 31/31 [00:03<00:00,  8.71it/s]
save the model to cfimdb-classifier.pt
Epoch 0: train loss :: 0.660, train acc :: 0.820, dev acc :: 0.800
train-1: 100%|████████████████████████████████████████████████████████████████████████████████████████████████████████████████████████████████████████| 214/214 [00:25<00:00,  8.52it/s]
eval: 100%|███████████████████████████████████████████████████████████████████████████████████████████████████████████████████████████████████████████| 214/214 [00:23<00:00,  9.11it/s]
eval: 100%|█████████████████████████████████████████████████████████████████████████████████████████████████████████████████████████████████████████████| 31/31 [00:03<00:00,  8.96it/s]
Epoch 1: train loss :: 0.518, train acc :: 0.837, dev acc :: 0.800
train-2: 100%|████████████████████████████████████████████████████████████████████████████████████████████████████████████████████████████████████████| 214/214 [00:26<00:00,  8.23it/s]
eval: 100%|███████████████████████████████████████████████████████████████████████████████████████████████████████████████████████████████████████████| 214/214 [00:25<00:00,  8.48it/s]
eval: 100%|█████████████████████████████████████████████████████████████████████████████████████████████████████████████████████████████████████████████| 31/31 [00:03<00:00,  8.26it/s]
Epoch 2: train loss :: 0.472, train acc :: 0.753, dev acc :: 0.710
train-3: 100%|████████████████████████████████████████████████████████████████████████████████████████████████████████████████████████████████████████| 214/214 [00:26<00:00,  8.00it/s]
eval: 100%|███████████████████████████████████████████████████████████████████████████████████████████████████████████████████████████████████████████| 214/214 [00:25<00:00,  8.45it/s]
eval: 100%|█████████████████████████████████████████████████████████████████████████████████████████████████████████████████████████████████████████████| 31/31 [00:03<00:00,  8.46it/s]
Epoch 3: train loss :: 0.457, train acc :: 0.847, dev acc :: 0.800
train-4: 100%|████████████████████████████████████████████████████████████████████████████████████████████████████████████████████████████████████████| 214/214 [00:26<00:00,  8.11it/s]
eval: 100%|███████████████████████████████████████████████████████████████████████████████████████████████████████████████████████████████████████████| 214/214 [00:24<00:00,  8.86it/s]
eval: 100%|█████████████████████████████████████████████████████████████████████████████████████████████████████████████████████████████████████████████| 31/31 [00:03<00:00,  8.71it/s]
Epoch 4: train loss :: 0.406, train acc :: 0.727, dev acc :: 0.686
train-5: 100%|████████████████████████████████████████████████████████████████████████████████████████████████████████████████████████████████████████| 214/214 [00:26<00:00,  8.16it/s]
eval: 100%|███████████████████████████████████████████████████████████████████████████████████████████████████████████████████████████████████████████| 214/214 [00:23<00:00,  8.97it/s]
eval: 100%|█████████████████████████████████████████████████████████████████████████████████████████████████████████████████████████████████████████████| 31/31 [00:03<00:00,  8.85it/s]
save the model to cfimdb-classifier.pt
Epoch 5: train loss :: 0.390, train acc :: 0.865, dev acc :: 0.829
train-6: 100%|████████████████████████████████████████████████████████████████████████████████████████████████████████████████████████████████████████| 214/214 [00:25<00:00,  8.28it/s]
eval: 100%|███████████████████████████████████████████████████████████████████████████████████████████████████████████████████████████████████████████| 214/214 [00:23<00:00,  9.15it/s]
eval: 100%|█████████████████████████████████████████████████████████████████████████████████████████████████████████████████████████████████████████████| 31/31 [00:03<00:00,  9.06it/s]
save the model to cfimdb-classifier.pt
Epoch 6: train loss :: 0.376, train acc :: 0.883, dev acc :: 0.873
train-7: 100%|████████████████████████████████████████████████████████████████████████████████████████████████████████████████████████████████████████| 214/214 [00:25<00:00,  8.41it/s]
eval: 100%|███████████████████████████████████████████████████████████████████████████████████████████████████████████████████████████████████████████| 214/214 [00:23<00:00,  9.16it/s]
eval: 100%|█████████████████████████████████████████████████████████████████████████████████████████████████████████████████████████████████████████████| 31/31 [00:03<00:00,  9.03it/s]
Epoch 7: train loss :: 0.371, train acc :: 0.871, dev acc :: 0.865
train-8: 100%|████████████████████████████████████████████████████████████████████████████████████████████████████████████████████████████████████████| 214/214 [00:25<00:00,  8.45it/s]
eval: 100%|███████████████████████████████████████████████████████████████████████████████████████████████████████████████████████████████████████████| 214/214 [00:23<00:00,  9.07it/s]
eval: 100%|█████████████████████████████████████████████████████████████████████████████████████████████████████████████████████████████████████████████| 31/31 [00:03<00:00,  9.13it/s]
Epoch 8: train loss :: 0.361, train acc :: 0.876, dev acc :: 0.849
train-9: 100%|████████████████████████████████████████████████████████████████████████████████████████████████████████████████████████████████████████| 214/214 [00:25<00:00,  8.43it/s]
eval: 100%|███████████████████████████████████████████████████████████████████████████████████████████████████████████████████████████████████████████| 214/214 [00:23<00:00,  9.02it/s]
eval: 100%|█████████████████████████████████████████████████████████████████████████████████████████████████████████████████████████████████████████████| 31/31 [00:03<00:00,  8.97it/s]
Epoch 9: train loss :: 0.363, train acc :: 0.875, dev acc :: 0.845
Evaluating on cfimdb...
classifier.py:318: FutureWarning: You are using `torch.load` with `weights_only=False` (the current default value), which uses the default pickle module implicitly. It is possible to construct malicious pickle data which will execute arbitrary code during unpickling (See https://github.com/pytorch/pytorch/blob/main/SECURITY.md#untrusted-models for more details). In a future release, the default value for `weights_only` will be flipped to `True`. This limits the functions that could be executed during unpickling. Arbitrary objects will no longer be allowed to be loaded via this mode unless they are explicitly allowlisted by the user via `torch.serialization.add_safe_globals`. We recommend you start setting `weights_only=True` for any use case where you don't have full control of the loaded file. Please open an issue on GitHub for any issues related to this experimental feature.
  saved = torch.load(args.filepath)
load model from cfimdb-classifier.pt
load 245 data from data/ids-cfimdb-dev.csv
eval: 100%|█████████████████████████████████████████████████████████████████████████████████████████████████████████████████████████████████████████████| 31/31 [01:03<00:00,  2.06s/it]
DONE DEV
eval: 100%|█████████████████████████████████████████████████████████████████████████████████████████████████████████████████████████████████████████████| 61/61 [00:06<00:00,  8.82it/s]
DONE Test
dev acc :: 0.873
